files/55.csv
id,week,center_id,meal_id,checkout_price,base_price,emailer_for_promotion,homepage_featured,num_orders
1338232,1,55,2139,339.5,437.53,0,0,54
1318577,3,55,2139,340.5,435.53,0,0,14
1190134,6,55,2139,435.53,435.53,0,0,15
1194808,8,55,2139,435.53,437.53,0,0,13
1468496,9,55,2139,388.03,437.53,0,0,15
1067626,10,55,2139,389.03,437.53,0,0,15
1349115,12,55,2139,388.03,436.53,0,0,15
1128089,13,55,2139,436.53,435.53,0,0,13
1260903,14,55,2139,436.53,436.53,0,0,13
1130466,18,55,2139,437.53,435.53,0,0,14
1116305,19,55,2139,437.53,435.53,0,0,14
1262933,20,55,2139,435.53,437.53,0,0,15
1376670,22,55,2139,296.82,437.53,0,0,15
1390559,23,55,2139,297.82,436.53,0,0,13
1139957,24,55,2139,298.82,435.53,0,1,27
1309265,26,55,2139,296.82,436.53,0,0,28
1471119,28,55,2139,292,437.53,0,0,15
1044992,29,55,2139,291,435.53,0,0,14
1033014,30,55,2139,291,435.53,0,0,15
1201753,31,55,2139,292,291,0,0,15
1174686,33,55,2139,296.82,297.82,0,0,15
1018359,34,55,2139,298.82,298.82,0,0,14
1045871,35,55,2139,298.82,297.82,0,0,28
1374400,36,55,2139,298.82,298.82,0,0,15
1311453,37,55,2139,287.12,288.12,0,0,41
1121152,39,55,2139,296.82,296.82,0,0,27
1189695,41,55,2139,297.82,297.82,0,0,42
1192363,42,55,2139,266.75,298.82,0,0,14
1446349,45,55,2139,297.82,297.82,0,0,13
1074920,46,55,2139,296.82,296.82,0,0,14
1222736,47,55,2139,298.82,298.82,0,0,14
1330205,48,55,2139,298.82,298.82,0,0,26
1075044,50,55,2139,297.82,297.82,0,0,14
1197758,52,55,2139,297.82,296.82,0,0,26
1275995,53,55,2139,296.82,298.82,0,0,13
1246622,55,55,2139,284.27,284.27,0,0,26
1318123,56,55,2139,296.82,297.82,0,0,42
1226777,57,55,2139,296.82,296.82,0,0,41
1127746,58,55,2139,296.82,296.82,0,0,14
1083591,60,55,2139,298.82,296.82,0,0,15
1184367,62,55,2139,275.48,276.48,0,0,14
1387199,64,55,2139,290.03,292.03,0,0,14
1127547,65,55,2139,291.03,290.03,0,0,27
1349679,66,55,2139,291.03,290.03,0,0,13
1025402,67,55,2139,280.33,280.33,0,0,42
1265359,68,55,2139,292.03,291.03,0,0,27
1284353,69,55,2139,292.03,290.03,0,0,15
1428425,70,55,2139,290.03,292.03,0,0,28
1109144,71,55,2139,292.03,290.03,0,0,26
1094535,72,55,2139,291.03,290.03,0,0,41
1441174,73,55,2139,290.03,291.03,0,0,14
1027891,74,55,2139,292.03,291.03,0,0,15
1009995,75,55,2139,272.63,270.63,0,0,42
1359900,76,55,2139,292.03,291.03,0,0,27
1482860,77,55,2139,307.49,308.49,0,0,42
1239876,78,55,2139,309.49,307.49,0,0,13
1103807,79,55,2139,308.49,307.49,0,0,14
1309769,80,55,2139,308.49,309.49,0,0,27
1479157,82,55,2139,308.49,308.49,0,0,15
1413376,83,55,2139,307.49,308.49,0,0,14
1151483,86,55,2139,309.49,307.49,0,0,14
1071999,88,55,2139,308.49,308.49,0,0,28
1300416,89,55,2139,307.49,307.49,0,0,27
1071263,91,55,2139,309.49,307.49,0,0,42
1030416,92,55,2139,308.49,308.49,0,0,15
1054486,93,55,2139,307.49,309.49,0,0,15
1282828,94,55,2139,309.49,309.49,0,0,15
1206082,95,55,2139,308.49,308.49,0,0,15
1297091,96,55,2139,308.49,308.49,0,0,14
1109044,97,55,2139,309.49,308.49,0,0,14
1255102,98,55,2139,308.49,307.49,0,0,13
1001634,99,55,2139,296.82,296.82,0,0,40
1272771,100,55,2139,307.49,307.49,0,0,14
1190381,101,55,2139,308.49,308.49,0,0,15
1365173,105,55,2139,291.03,292.03,0,0,26
1474558,106,55,2139,290.03,290.03,0,0,27
1145623,108,55,2139,290.03,290.03,0,0,41
1221581,109,55,2139,308.49,307.49,0,0,14
1336857,110,55,2139,308.49,309.49,0,0,15
1045325,111,55,2139,307.49,308.49,0,0,14
1130945,112,55,2139,308.49,309.49,0,0,26
1193349,116,55,2139,297.82,298.82,0,0,41
1145972,117,55,2139,307.49,307.49,0,0,41
1454053,118,55,2139,309.49,308.49,0,0,14
1144516,119,55,2139,309.49,309.49,0,0,14
1497394,120,55,2139,307.49,307.49,0,0,13
1428088,121,55,2139,292.03,290.03,0,0,27
1450927,122,55,2139,291.03,290.03,0,0,42
1364609,123,55,2139,292.03,292.03,0,0,15
1406632,124,55,2139,292.03,291.03,0,0,13
1100138,127,55,2139,311.43,311.43,0,0,14
1392407,131,55,2139,321.13,319.13,0,0,53
1352379,132,55,2139,321.13,321.13,0,0,28
1258270,133,55,2139,321.13,321.13,0,0,14
1372382,134,55,2139,321.13,320.13,0,0,54
1298278,137,55,2139,319.13,321.13,0,0,15
1294056,140,55,2139,290.03,290.03,0,0,13
1133835,142,55,2139,292.03,292.03,0,0,14
1005580,143,55,2139,292.03,292.03,0,0,14
1464263,144,55,2139,292.03,292.03,0,0,27
1040648,145,55,2139,292.03,292.03,0,0,15
1448490,1,55,2631,243.5,242.5,0,0,40
1097418,2,55,2631,99,242.5,1,0,27
1038047,8,55,2631,253.23,253.23,0,0,42
1258648,9,55,2631,120.31,251.23,0,0,96
1004760,10,55,2631,252.23,253.23,0,0,28
1462943,13,55,2631,251.23,251.23,0,0,26
1212771,14,55,2631,251.23,252.23,0,0,28
1106049,15,55,2631,111.55,253.23,1,0,134
1329883,16,55,2631,91.21,253.23,0,0,41
1063963,17,55,2631,98,253.23,0,0,69
1277937,18,55,2631,96.06,253.23,0,0,108
1469902,19,55,2631,251.23,252.23,0,0,28
1411510,20,55,2631,252.23,251.23,0,0,27
1050270,21,55,2631,153.26,251.23,0,0,15
1107106,22,55,2631,154.26,253.23,0,0,13
1036104,23,55,2631,154.26,252.23,1,0,42
1208988,24,55,2631,147.5,253.23,0,0,26
1055111,25,55,2631,153.26,252.23,0,0,27
1424912,27,55,2631,153.26,252.23,0,0,41
1483517,28,55,2631,153.26,252.23,0,0,28
1163844,29,55,2631,154.26,155.26,0,0,27
1050047,30,55,2631,155.26,153.26,0,0,42
1078576,31,55,2631,155.26,155.26,0,0,55
1306945,32,55,2631,153.26,154.26,0,0,14
1198275,33,55,2631,154.26,155.26,0,0,80
1214783,34,55,2631,153.26,153.26,0,0,13
1290435,35,55,2631,154.26,153.26,0,0,13
1226089,36,55,2631,155.26,153.26,0,0,53
1037826,37,55,2631,150.35,152.35,0,0,82
1459967,38,55,2631,151.35,151.35,0,0,69
1466724,39,55,2631,153.26,154.26,0,0,55
1101180,40,55,2631,151.32,152.32,0,0,109
1496711,41,55,2631,153.26,155.26,0,0,53
1045094,42,55,2631,154.26,153.26,0,0,27
1129949,43,55,2631,154.26,153.26,0,0,54
1263444,44,55,2631,153.26,153.26,0,0,40
1052660,45,55,2631,150.41,149.41,0,0,42
1461724,46,55,2631,153.26,153.26,0,0,27
1268894,47,55,2631,155.26,155.26,0,0,67
1072054,48,55,2631,150.35,150.35,0,0,80
1366779,49,55,2631,151.35,152.35,0,0,67
1108353,50,55,2631,155.26,155.26,0,0,13
1371308,51,55,2631,155.26,155.26,0,0,13
1213679,52,55,2631,154.26,154.26,0,0,68
1284054,53,55,2631,150.35,150.35,0,0,68
1276332,54,55,2631,152.35,152.35,0,0,81
1257112,55,55,2631,155.26,153.26,0,0,28
1336837,56,55,2631,145.5,146.5,0,0,26
1187244,57,55,2631,154.26,155.26,0,0,55
1358245,58,55,2631,150.41,150.41,0,0,41
1195004,59,55,2631,151.32,152.32,0,0,95
1182979,60,55,2631,155.26,154.26,0,0,14
1450045,61,55,2631,153.26,153.26,0,0,55
1370000,62,55,2631,153.26,154.26,0,0,54
1093823,63,55,2631,147.5,147.5,0,0,28
1120240,64,55,2631,155.26,154.26,0,0,68
1180779,65,55,2631,154.26,154.26,0,0,15
1394291,66,55,2631,150.41,150.41,0,0,42
1050765,67,55,2631,153.26,154.26,0,0,54
1465579,69,55,2631,97,154.26,0,0,54
1063949,70,55,2631,97,155.26,0,0,55
1401018,71,55,2631,98,154.26,0,0,54
1215777,74,55,2631,155.26,153.26,0,0,26
1389210,75,55,2631,155.26,154.26,0,0,15
1080763,76,55,2631,154.26,153.26,0,0,14
1482961,77,55,2631,99,154.26,0,0,28
1355920,78,55,2631,99,153.26,0,0,41
1103078,79,55,2631,95.09,153.26,0,0,40
1110102,80,55,2631,98,154.26,0,0,15
1251497,81,55,2631,155.26,154.26,0,0,80
1201301,82,55,2631,153.26,153.26,0,0,54
1369220,83,55,2631,153.26,153.26,0,0,15
1233288,84,55,2631,155.26,155.26,0,0,40
1023337,85,55,2631,99,154.26,1,0,161
1321394,86,55,2631,95.06,155.26,0,0,80
1266931,87,55,2631,92.15,155.26,0,0,28
1268612,88,55,2631,98,154.26,0,0,96
1314714,89,55,2631,97,154.26,0,0,26
1336809,90,55,2631,155.26,154.26,0,0,82
1460999,91,55,2631,153.26,153.26,0,0,42
1268200,92,55,2631,154.26,155.26,0,0,55
1253338,93,55,2631,153.26,155.26,0,0,54
1337340,94,55,2631,153.26,153.26,0,0,13
1050337,95,55,2631,154.26,154.26,0,0,42
1196543,96,55,2631,154.26,153.26,0,0,122
1050374,97,55,2631,155.26,153.26,0,0,13
1338594,98,55,2631,155.26,154.26,0,0,40
1355636,99,55,2631,155.26,153.26,0,0,41
1313265,100,55,2631,97.06,154.26,0,0,108
1027460,101,55,2631,96.09,153.26,0,0,80
1297853,102,55,2631,99,155.26,0,0,41
1091074,103,55,2631,98,155.26,0,0,26
1360755,104,55,2631,99,153.26,0,0,14
1421685,105,55,2631,97,154.26,0,0,188
1363417,106,55,2631,153.26,153.26,0,0,54
1114770,107,55,2631,155.26,153.26,0,0,69
1329535,108,55,2631,153.26,154.26,0,0,40
1061051,109,55,2631,149.38,149.38,0,0,109
1004584,110,55,2631,154.26,155.26,0,0,28
1340296,111,55,2631,152.32,152.32,0,0,107
1117305,112,55,2631,153.26,154.26,0,0,41
1389172,113,55,2631,151.32,152.32,0,0,94
1008869,114,55,2631,151.35,151.35,0,0,67
1308734,115,55,2631,152.32,151.32,0,0,122
1377758,116,55,2631,153.26,155.26,0,0,13
1011284,117,55,2631,145.5,145.5,0,0,81
1008563,118,55,2631,155.26,154.26,0,0,67
1312114,119,55,2631,149.38,149.38,0,0,55
1027668,120,55,2631,155.26,155.26,0,0,27
1265740,121,55,2631,99,155.26,1,0,80
1299404,124,55,2631,107.7,154.26,0,0,82
1395352,126,55,2631,162.02,161.02,0,0,82
1111064,127,55,2631,157.17,158.17,0,0,28
1297515,128,55,2631,163.93,164.93,0,0,53
1170070,129,55,2631,158.17,157.17,0,0,53
1447505,131,55,2631,163.93,165.93,0,0,13
1432573,132,55,2631,165.93,164.93,0,0,27
1023526,134,55,2631,99,165.93,1,0,108
1496190,135,55,2631,97.06,163.93,0,0,134
1042952,136,55,2631,96.03,165.93,0,0,95
1415651,137,55,2631,98.03,164.93,0,0,135
1146945,138,55,2631,95.06,164.93,0,0,81
1101690,139,55,2631,97.06,163.93,0,0,135
1160917,140,55,2631,95.06,163.93,0,0,134
1493249,141,55,2631,165.93,165.93,0,0,69
1129663,142,55,2631,148.44,165.93,0,0,14
1066680,143,55,2631,163.93,163.93,0,0,41
1377915,144,55,2631,157.17,156.17,0,0,81
1482790,145,55,2631,165.93,165.93,0,0,96
1270037,1,55,1248,251.23,252.23,0,0,28
1235110,2,55,1248,96.06,253.23,1,0,257
1379389,3,55,1248,94.12,252.23,0,0,68
1019571,4,55,1248,97,252.23,0,0,96
1453545,5,55,1248,97,252.23,0,0,27
1295725,6,55,1248,253.23,253.23,0,0,28
1118132,11,55,1248,253.23,253.23,0,0,15
1353529,12,55,1248,251.23,253.23,0,0,27
1291557,14,55,1248,238.62,238.62,0,0,26
1095347,15,55,1248,98,239.62,1,0,108
1148708,16,55,1248,92.15,239.62,0,0,80
1488353,17,55,1248,97,238.62,0,0,27
1218390,18,55,1248,99,238.62,0,0,55
1057629,20,55,1248,253.23,251.23,0,0,14
1484263,21,55,1248,154.26,253.23,0,0,40
1215531,22,55,1248,149.38,253.23,0,0,55
1240763,23,55,1248,153.26,251.23,1,0,54
1412259,25,55,1248,155.26,251.23,0,0,27
1070682,26,55,1248,155.26,251.23,0,0,14
1195988,27,55,1248,149.41,251.23,0,0,41
1089381,29,55,1248,155.26,252.23,0,0,15
1033146,30,55,1248,155.26,153.26,0,0,26
1371665,31,55,1248,155.26,155.26,0,0,15
1041802,32,55,1248,154.26,153.26,0,0,40
1346355,33,55,1248,144.56,143.56,0,0,69
1493954,34,55,1248,154.26,153.26,0,0,27
1050227,35,55,1248,154.26,154.26,0,0,40
1126481,36,55,1248,154.26,153.26,0,0,27
1009770,37,55,1248,155.26,155.26,0,0,13
1436674,38,55,1248,153.26,153.26,0,0,54
1343040,39,55,1248,153.26,153.26,0,0,54
1055546,40,55,1248,154.26,155.26,0,0,26
1238465,41,55,1248,153.26,155.26,0,0,40
1325446,42,55,1248,155.26,154.26,0,0,14
1466276,43,55,1248,154.26,153.26,0,0,28
1434948,44,55,1248,153.26,153.26,0,0,41
1199648,45,55,1248,147.5,146.5,0,0,27
1011856,46,55,1248,155.26,154.26,0,0,54
1300955,47,55,1248,155.26,155.26,0,0,53
1310309,48,55,1248,155.26,153.26,0,0,69
1113034,49,55,1248,155.26,153.26,0,0,14
1168772,50,55,1248,155.26,155.26,0,0,40
1013885,51,55,1248,145.5,147.5,0,0,26
1029275,52,55,1248,154.26,154.26,0,0,15
1213345,53,55,1248,154.26,155.26,0,0,41
1298262,54,55,1248,153.26,154.26,0,0,53
1224967,55,55,1248,155.26,154.26,0,0,53
1033929,56,55,1248,153.26,155.26,0,0,41
1329626,57,55,1248,154.26,153.26,0,0,40
1108331,58,55,1248,153.26,155.26,0,0,14
1445863,60,55,1248,137.74,153.26,0,0,15
1477872,63,55,1248,153.26,154.26,0,0,53
1130422,64,55,1248,155.26,155.26,0,0,26
1161657,65,55,1248,155.26,154.26,0,0,26
1475527,66,55,1248,155.26,155.26,0,0,55
1319143,67,55,1248,153.26,153.26,0,0,54
1404173,68,55,1248,96.06,155.26,1,0,123
1111444,69,55,1248,98.03,154.26,0,0,96
1448032,70,55,1248,99,154.26,0,0,54
1031593,71,55,1248,97,153.26,0,0,28
1112077,72,55,1248,154.26,153.26,0,0,53
1170306,73,55,1248,155.26,154.26,0,0,69
1368772,74,55,1248,153.26,153.26,0,0,41
1348776,76,55,1248,155.26,153.26,0,0,42
1329889,77,55,1248,99,154.26,0,0,28
1163718,78,55,1248,97.06,154.26,0,0,55
1403055,79,55,1248,96.06,155.26,0,0,67
1163944,80,55,1248,97,155.26,0,0,28
1360330,81,55,1248,147.5,147.5,0,0,27
1279394,83,55,1248,153.26,154.26,0,0,26
1494465,84,55,1248,155.26,155.26,0,0,28
1064090,85,55,1248,97,153.26,1,0,95
1365989,86,55,1248,97,155.26,0,0,42
1389180,87,55,1248,99,153.26,0,0,27
1486318,88,55,1248,95.06,153.26,0,0,68
1060001,89,55,1248,99,155.26,0,0,80
1455046,90,55,1248,155.26,154.26,0,0,28
1352203,92,55,1248,153.26,154.26,0,0,95
1049359,95,55,1248,153.26,154.26,0,0,42
1218470,96,55,1248,153.26,153.26,0,0,40
1331294,97,55,1248,155.26,154.26,0,0,41
1443398,98,55,1248,154.26,155.26,0,0,26
1004970,99,55,1248,155.26,153.26,0,0,41
1392835,100,55,1248,155.26,153.26,0,0,14
1466606,101,55,1248,97,154.26,0,0,41
1104161,102,55,1248,96.06,155.26,0,0,53
1439959,104,55,1248,97,155.26,0,0,26
1191221,105,55,1248,99,153.26,0,0,68
1084614,106,55,1248,142.59,144.59,0,0,42
1308987,107,55,1248,154.26,155.26,0,0,42
1464423,108,55,1248,150.41,148.41,0,0,41
1499208,109,55,1248,155.26,154.26,0,0,27
1096478,110,55,1248,153.26,155.26,0,0,15
1031559,111,55,1248,155.26,154.26,0,0,28
1213450,113,55,1248,149.41,150.41,0,0,26
1330558,114,55,1248,154.26,155.26,0,0,14
1364072,115,55,1248,148.41,150.41,0,0,41
1492786,117,55,1248,155.26,154.26,0,0,28
1006088,118,55,1248,153.26,155.26,0,0,13
1144696,119,55,1248,154.26,154.26,0,0,26
1390163,120,55,1248,137.74,154.26,0,0,13
1322990,121,55,1248,98,154.26,1,0,135
1258115,122,55,1248,98,155.26,0,0,40
1138237,123,55,1248,99,155.26,0,0,68
1313793,124,55,1248,104.76,153.26,0,0,67
1387377,126,55,1248,164.93,165.93,0,0,27
1095038,128,55,1248,164.93,164.93,0,0,14
1377146,129,55,1248,160.11,158.11,0,0,42
1132851,130,55,1248,164.93,163.93,0,0,27
1405180,131,55,1248,163.93,165.93,0,0,15
1448530,132,55,1248,156.17,156.17,0,0,26
1377848,133,55,1248,163.93,164.93,0,0,69
1379692,134,55,1248,97.03,163.93,1,0,134
1389813,135,55,1248,93.15,164.93,0,0,26
1022147,136,55,1248,97,165.93,0,0,14
1434449,137,55,1248,97,163.93,0,0,55
1129670,138,55,1248,99,163.93,0,0,26
1393979,139,55,1248,99,164.93,0,0,13
1399636,140,55,1248,97,163.93,0,0,107
1330987,141,55,1248,164.93,164.93,0,0,42
1468839,142,55,1248,165.93,164.93,0,0,42
1159145,143,55,1248,163.93,164.93,0,0,80
1243861,144,55,1248,160.05,162.05,0,0,54
1491128,145,55,1248,161.02,162.02,0,0,68
