files/55.csv
id,week,center_id,meal_id,checkout_price,base_price,emailer_for_promotion,homepage_featured,num_orders
1240935,1,55,1754,289.12,289.12,0,0,485
1182386,2,55,1754,287.12,287.12,0,0,230
1219787,3,55,1754,289.12,287.12,0,0,270
1122963,4,55,1754,287.12,287.12,0,0,325
1022231,5,55,1754,242.53,288.12,0,0,244
1113331,6,55,1754,207.58,288.12,0,0,242
1487540,7,55,1754,216.34,288.12,0,0,108
1459933,8,55,1754,287.12,287.12,0,0,80
1416739,9,55,1754,271.63,270.63,0,0,230
1267355,10,55,1754,288.12,288.12,0,0,378
1448895,11,55,1754,287.12,289.12,0,0,163
1310684,12,55,1754,288.12,287.12,0,0,188
1322474,13,55,1754,288.12,287.12,0,0,271
1052841,14,55,1754,288.12,289.12,0,0,216
1285506,15,55,1754,287.12,288.12,0,0,324
1371536,16,55,1754,288.12,287.12,0,0,148
1465344,17,55,1754,288.12,288.12,0,0,285
1358349,18,55,1754,192.06,288.12,1,1,2119
1309374,19,55,1754,240.59,287.12,0,1,1053
1384476,20,55,1754,258.05,287.12,0,0,323
1172545,21,55,1754,269.72,267.72,0,0,323
1113409,22,55,1754,240.56,269.72,1,1,1916
1007959,23,55,1754,238.62,269.72,1,1,1322
1393592,24,55,1754,280.36,279.36,0,0,339
1313931,25,55,1754,281.36,281.36,0,0,283
1298568,26,55,1754,265.78,267.78,0,0,283
1486594,27,55,1754,279.36,279.36,0,0,514
1026897,28,55,1754,280.36,279.36,0,0,161
1277010,29,55,1754,281.36,279.36,0,0,81
1375116,30,55,1754,163.02,279.36,1,0,1527
1391867,31,55,1754,215.34,279.36,0,0,487
1437379,32,55,1754,243.5,280.36,1,1,1134
1057952,33,55,1754,260.02,258.02,0,0,162
1379489,34,55,1754,217.28,258.02,0,0,108
1272798,35,55,1754,266.78,266.78,0,0,177
1092971,36,55,1754,291.03,292.03,0,0,269
1385474,37,55,1754,272.6,273.6,0,0,216
1207673,38,55,1754,292.03,292.03,0,0,231
1232111,39,55,1754,311.43,311.43,0,0,256
1105587,40,55,1754,294.91,294.91,0,0,243
1006887,41,55,1754,265.81,264.81,0,0,95
1067300,42,55,1754,310.43,310.43,0,0,82
1488531,43,55,1754,310.43,311.43,0,0,15
1319409,44,55,1754,245.47,310.43,0,0,190
1399564,45,55,1754,232.83,309.43,0,0,163
1261227,46,55,1754,237.65,309.43,1,1,338
1324450,47,55,1754,245.44,309.43,0,0,919
1293849,48,55,1754,171.69,311.43,1,0,825
1447999,49,55,1754,310.43,311.43,0,0,134
1335391,50,55,1754,310.43,310.43,0,0,148
1451456,51,55,1754,311.43,310.43,0,0,108
1303302,52,55,1754,291.03,290.03,0,0,67
1299569,53,55,1754,291.03,290.03,0,0,229
1123620,54,55,1754,290.03,291.03,0,0,67
1472688,55,55,1754,291.03,292.03,0,0,312
1433066,56,55,1754,290.03,291.03,0,0,107
1352072,57,55,1754,292.03,291.03,0,0,325
1326009,58,55,1754,272.57,273.57,0,0,231
1411869,59,55,1754,271.63,272.63,0,0,203
1401837,60,55,1754,243.5,272.63,1,1,1160
1121541,61,55,1754,292.03,290.03,0,0,284
1335495,62,55,1754,258.08,291.03,0,0,13
1204447,63,55,1754,291.03,290.03,0,0,14
1331254,64,55,1754,238.65,290.03,0,0,149
1481027,65,55,1754,290.03,291.03,0,0,123
1362042,66,55,1754,290.03,292.03,0,0,285
1493450,67,55,1754,291.03,291.03,0,0,311
1370350,68,55,1754,193.09,292.03,1,1,1607
1323517,69,55,1754,192.12,290.03,0,1,1849
1303664,70,55,1754,191.12,292.03,1,1,2362
1346401,71,55,1754,190.15,290.03,0,1,1485
1424164,72,55,1754,292.03,290.03,0,0,269
1277647,73,55,1754,291.03,291.03,0,0,123
1165642,74,55,1754,276.45,278.45,0,0,298
1378003,75,55,1754,247.41,277.45,1,0,1174
1116824,76,55,1754,245.47,277.45,0,1,688
1413166,77,55,1754,291.03,290.03,0,0,134
1470733,78,55,1754,292.03,291.03,0,0,242
1041075,79,55,1754,198.88,290.03,1,1,1689
1105206,80,55,1754,292.03,290.03,0,0,215
1153699,81,55,1754,292.03,290.03,0,0,150
1255731,82,55,1754,290.03,291.03,0,0,216
1223655,83,55,1754,290.03,291.03,0,0,162
1392448,84,55,1754,292.03,290.03,0,0,176
1391861,85,55,1754,147.5,290.03,0,0,28
1361357,86,55,1754,290.03,290.03,0,0,95
1256764,87,55,1754,270.63,272.63,0,0,108
1226405,88,55,1754,309.43,309.43,0,0,107
1086464,89,55,1754,311.43,310.43,0,0,15
1082029,90,55,1754,311.43,311.43,0,0,54
1223990,91,55,1754,309.43,310.43,0,0,96
1200364,92,55,1754,309.43,310.43,0,0,136
1197222,93,55,1754,311.43,310.43,0,0,135
1313979,94,55,1754,309.43,311.43,0,0,95
1197615,95,55,1754,310.43,311.43,0,0,81
1120860,96,55,1754,309.43,310.43,0,0,161
1398033,97,55,1754,275.48,309.43,0,0,53
1160801,98,55,1754,324.04,324.04,0,0,95
1179001,99,55,1754,260.02,323.04,0,0,69
1275326,100,55,1754,324.04,323.04,0,0,231
1499802,101,55,1754,323.04,322.04,0,0,229
1173211,102,55,1754,324.04,323.04,0,0,123
1043541,103,55,1754,324.04,323.04,0,0,13
1400636,104,55,1754,324.04,323.04,0,0,69
1085238,105,55,1754,306.58,306.58,0,0,244
1417083,106,55,1754,323.04,322.04,0,0,177
1019786,107,55,1754,322.04,324.04,0,0,176
1287937,108,55,1754,323.04,322.04,0,0,53
1120315,109,55,1754,323.04,322.04,0,0,148
1489267,110,55,1754,243.5,324.04,1,0,406
1228584,111,55,1754,242.5,324.04,0,0,231
1384914,112,55,1754,242.5,324.04,0,0,256
1217691,113,55,1754,323.04,324.04,0,0,177
1014973,114,55,1754,323.04,323.04,0,0,121
1468847,115,55,1754,322.04,323.04,0,0,67
1470036,116,55,1754,294.91,295.91,0,0,80
1459266,117,55,1754,319.16,318.16,0,0,95
1187623,118,55,1754,319.16,318.16,0,0,149
1061386,119,55,1754,319.16,319.16,0,0,68
1411359,120,55,1754,318.16,319.16,0,0,96
1188373,121,55,1754,320.16,320.16,0,0,177
1114011,122,55,1754,318.16,320.16,0,0,148
1112227,123,55,1754,318.16,320.16,0,0,27
1468713,124,55,1754,320.16,318.16,0,0,108
1368141,125,55,1754,319.16,318.16,0,0,121
1436409,126,55,1754,291.97,291.97,0,0,161
1250462,127,55,1754,315.25,317.25,0,0,148
1372314,128,55,1754,242.56,316.25,1,1,852
1030003,129,55,1754,251.26,317.25,1,1,621
1424629,130,55,1754,320.16,318.16,0,0,284
1344539,131,55,1754,318.16,318.16,0,0,405
1262741,132,55,1754,319.16,318.16,0,0,231
1179402,133,55,1754,318.16,320.16,0,0,162
1051305,134,55,1754,320.16,320.16,0,0,136
1282260,135,55,1754,293.97,293.97,0,0,324
1171489,136,55,1754,282.33,280.33,0,0,229
1381122,137,55,1754,273.57,273.57,0,0,94
1462353,138,55,1754,319.16,318.16,0,0,96
1267303,139,55,1754,318.16,318.16,0,0,258
1063161,140,55,1754,318.16,320.16,0,0,351
1442969,141,55,1754,320.16,318.16,0,0,312
1182684,142,55,1754,320.16,320.16,0,0,134
1225948,143,55,1754,319.16,319.16,0,0,163
1105346,144,55,1754,319.16,319.16,0,0,499
1432111,145,55,1754,318.16,318.16,0,0,269
1044821,1,55,1971,259.99,320.13,1,1,798
1407028,2,55,1971,258.99,320.13,1,1,852
1046109,3,55,1971,320.13,320.13,0,0,134
1079068,4,55,1971,321.13,320.13,0,0,122
1118317,5,55,1971,320.13,321.13,0,0,177
1394498,6,55,1971,319.13,320.13,0,0,54
1194455,7,55,1971,321.13,319.13,0,0,40
1309504,8,55,1971,319.13,319.13,0,0,13
1238583,9,55,1971,319.13,319.13,0,0,94
1201897,10,55,1971,242.5,320.13,1,0,756
1409722,11,55,1971,241.53,320.13,1,1,514
1104709,12,55,1971,241.53,319.13,0,0,297
1024096,13,55,1971,321.13,319.13,0,0,94
1178513,14,55,1971,320.13,320.13,0,0,80
1341450,15,55,1971,320.13,321.13,0,0,41
1398984,16,55,1971,320.13,321.13,0,0,41
1089203,17,55,1971,320.13,319.13,0,0,80
1249937,18,55,1971,321.13,321.13,0,0,123
1072749,19,55,1971,292.03,291.03,0,0,122
1020814,20,55,1971,291.03,290.03,0,0,68
1177437,21,55,1971,292.03,290.03,0,0,80
1385182,22,55,1971,243.5,292.03,1,1,1135
1129264,23,55,1971,241.56,290.03,1,1,1148
1022416,24,55,1971,287.18,287.18,0,0,134
1198789,25,55,1971,291.03,292.03,0,0,95
1424041,26,55,1971,311.43,309.43,0,0,81
1322840,27,55,1971,309.43,309.43,0,0,80
1136131,28,55,1971,311.43,310.43,0,0,27
1078759,29,55,1971,310.43,311.43,0,0,68
1372538,30,55,1971,158.11,310.43,1,0,1160
1138048,31,55,1971,282.33,281.33,0,0,404
1063618,32,55,1971,244.5,280.33,1,1,1052
1361704,33,55,1971,310.43,311.43,0,0,42
1158377,34,55,1971,309.43,311.43,0,0,26
1138119,35,55,1971,309.43,309.43,0,0,150
1078352,36,55,1971,307.52,306.52,0,0,189
1461995,37,55,1971,309.43,311.43,0,0,80
1149256,38,55,1971,309.43,310.43,0,0,14
1186062,39,55,1971,310.43,309.43,0,0,176
1055114,40,55,1971,241.53,310.43,0,0,217
1132643,41,55,1971,241.53,311.43,0,0,203
1470517,42,55,1971,243.53,310.43,0,0,163
1338893,43,55,1971,241.53,309.43,0,0,135
1332060,44,55,1971,309.43,310.43,0,0,134
1350734,45,55,1971,311.43,310.43,0,0,122
1030466,46,55,1971,243.5,309.43,1,1,701
1233821,47,55,1971,245.47,309.43,0,1,663
1220650,48,55,1971,164.96,309.43,1,0,1228
1063573,49,55,1971,309.43,309.43,0,0,177
1311647,50,55,1971,309.43,311.43,0,0,123
1239880,51,55,1971,310.43,309.43,0,0,82
1193542,52,55,1971,290.03,291.03,0,0,123
1285937,53,55,1971,291.03,291.03,0,0,269
1149196,54,55,1971,291.03,291.03,0,0,188
1103898,55,55,1971,292.03,292.03,0,0,163
1348194,56,55,1971,292.03,292.03,0,0,121
1422591,57,55,1971,290.03,292.03,0,0,323
1382901,58,55,1971,292.03,291.03,0,0,217
1264073,59,55,1971,290.03,292.03,0,0,163
1034048,60,55,1971,241.53,291.03,1,1,972
1421395,61,55,1971,291.03,292.03,0,0,271
1335522,62,55,1971,290.03,290.03,0,0,69
1287072,63,55,1971,290.03,292.03,0,0,82
1459962,64,55,1971,290.03,292.03,0,0,108
1240001,65,55,1971,291.03,291.03,0,0,95
1315177,66,55,1971,292.03,291.03,0,0,269
1105321,67,55,1971,292.03,291.03,0,0,243
1496495,68,55,1971,193.06,291.03,1,1,1566
1220845,69,55,1971,194.06,291.03,0,1,1269
1084021,70,55,1971,191.09,292.03,1,1,1849
1493154,71,55,1971,191.09,291.03,0,1,2052
1186455,72,55,1971,291.03,291.03,0,0,149
1000452,73,55,1971,290.03,291.03,0,0,162
1132664,74,55,1971,290.03,290.03,0,0,377
1366114,75,55,1971,244.44,290.03,1,0,958
1029417,76,55,1971,244.47,291.03,0,1,689
1005811,77,55,1971,284.24,283.24,0,0,94
1302723,78,55,1971,290.03,290.03,0,0,177
1434407,79,55,1971,290.03,290.03,0,1,1066
1386841,80,55,1971,291.03,292.03,0,0,149
1236841,81,55,1971,290.03,291.03,0,0,163
1471009,82,55,1971,292.03,290.03,0,0,82
1274620,83,55,1971,292.03,290.03,0,0,269
1202086,84,55,1971,291.03,292.03,0,0,136
1390988,85,55,1971,290.03,290.03,0,0,27
1153350,86,55,1971,290.03,292.03,0,0,42
1401265,87,55,1971,298.79,298.79,0,0,81
1148844,88,55,1971,300.73,301.73,0,0,95
1072116,89,55,1971,300.73,300.73,0,0,54
1012518,90,55,1971,299.73,301.73,0,0,67
1171855,91,55,1971,300.73,299.73,0,0,108
1263565,92,55,1971,193.03,301.73,1,1,1972
1498286,93,55,1971,195.03,299.73,1,1,946
1017783,94,55,1971,299.73,299.73,0,0,42
1079501,95,55,1971,301.73,300.73,0,0,123
1350684,96,55,1971,299.73,300.73,0,0,188
1458233,97,55,1971,300.73,299.73,0,0,121
1173907,98,55,1971,323.04,323.04,0,0,108
1466201,99,55,1971,322.04,322.04,0,0,68
1006926,100,55,1971,324.04,324.04,0,0,41
1385824,101,55,1971,322.04,324.04,0,0,163
1172725,102,55,1971,323.04,323.04,0,0,81
1391691,103,55,1971,323.04,324.04,0,0,42
1163980,104,55,1971,324.04,322.04,0,0,54
1283545,105,55,1971,323.04,324.04,0,0,311
1191597,106,55,1971,323.04,324.04,0,0,122
1245772,107,55,1971,323.04,324.04,0,0,108
1102596,108,55,1971,242.53,322.04,1,1,661
1045073,109,55,1971,243.53,322.04,1,1,837
1229260,110,55,1971,319.19,317.19,0,0,229
1317567,111,55,1971,324.04,323.04,0,0,82
1247964,112,55,1971,322.04,322.04,0,0,69
1400357,113,55,1971,324.04,323.04,0,0,188
1395327,114,55,1971,323.04,324.04,0,0,81
1029343,115,55,1971,323.04,322.04,0,0,95
1251064,116,55,1971,322.04,322.04,0,0,109
1280181,117,55,1971,322.04,322.04,0,0,69
1438152,118,55,1971,322.04,322.04,0,0,42
1134451,119,55,1971,323.04,322.04,0,0,80
1468208,120,55,1971,322.04,323.04,0,0,203
1325958,121,55,1971,193.06,324.04,1,1,1160
1362830,122,55,1971,193.06,324.04,1,1,2580
1423363,123,55,1971,194.06,324.04,1,1,1905
1078102,124,55,1971,195,322.04,1,1,1445
1168845,125,55,1971,323.04,324.04,0,0,96
1455295,126,55,1971,324.04,323.04,0,0,26
1067437,127,55,1971,323.04,322.04,0,0,176
1274438,128,55,1971,287.15,323.04,0,0,107
1430751,129,55,1971,322.04,322.04,0,0,135
1366500,130,55,1971,324.04,322.04,0,0,95
1035994,131,55,1971,328.89,326.89,0,0,310
1180474,132,55,1971,238.65,327.89,1,1,2714
1247635,133,55,1971,227.01,326.89,1,1,2160
1423642,134,55,1971,251.23,326.89,0,1,809
1054278,135,55,1971,328.86,328.86,0,0,134
1310496,136,55,1971,325.95,326.95,0,0,162
1275502,137,55,1971,329.86,328.86,0,0,55
1101093,138,55,1971,327.86,329.86,0,0,27
1294479,139,55,1971,329.86,327.86,0,0,122
1480864,140,55,1971,328.86,328.86,0,0,149
1016341,141,55,1971,328.86,329.86,0,0,95
1046826,142,55,1971,328.86,328.86,0,0,53
1113829,143,55,1971,346.35,345.35,0,0,41
1377889,144,55,1971,344.35,345.35,0,0,148
1229662,145,55,1971,346.35,344.35,0,0,28
1149039,1,55,1902,388.03,446.23,0,0,14
1351808,3,55,1902,389.03,445.23,0,0,28
1255270,6,55,1902,447.23,447.23,0,0,14
1028795,7,55,1902,445.23,445.23,0,0,26
1355060,9,55,1902,445.23,447.23,0,0,13
1147864,10,55,1902,445.23,447.23,0,0,14
1412046,13,55,1902,445.23,447.23,0,0,14
1117360,22,55,1902,447.23,446.23,0,0,28
1354631,26,55,1902,446.23,446.23,0,0,15
1140577,28,55,1902,445.23,446.23,0,0,15
1362323,29,55,1902,445.23,446.23,0,0,13
1125899,31,55,1902,446.23,447.23,0,0,15
1109385,36,55,1902,446.23,445.23,0,0,14
1238905,48,55,1902,358.93,447.23,0,0,27
1310834,53,55,1902,418.13,418.13,0,0,15
1426430,55,55,1902,416.13,417.13,0,0,26
1465158,57,55,1902,447.23,447.23,0,0,15
1368010,64,55,1902,447.23,445.23,0,0,13
1334758,66,55,1902,445.23,446.23,0,0,15
1449216,70,55,1902,445.23,446.23,0,0,13
1440448,75,55,1902,447.23,447.23,0,0,15
1480882,85,55,1902,437.53,436.53,0,0,13
1028100,88,55,1902,446.23,445.23,0,0,14
1319358,97,55,1902,446.23,446.23,0,0,14
1066569,101,55,1902,446.23,447.23,0,0,15
1465608,105,55,1902,388.03,445.23,0,0,13
1252643,109,55,1902,447.23,447.23,0,0,13
1152455,118,55,1902,445.23,445.23,0,0,14
1434043,120,55,1902,388.03,446.23,0,0,15
1137738,125,55,1902,447.23,446.23,0,0,15
1246175,128,55,1902,445.23,445.23,0,0,13
1474640,130,55,1902,446.23,447.23,0,0,14
1282917,132,55,1902,446.23,445.23,0,0,14
1221403,135,55,1902,447.23,445.23,0,0,14
1072141,136,55,1902,447.23,447.23,0,0,15
1355826,137,55,1902,389.03,446.23,0,0,14
1293099,141,55,1902,446.23,446.23,0,0,14
