files/55.csv
id,week,center_id,meal_id,checkout_price,base_price,emailer_for_promotion,homepage_featured,num_orders
1242186,1,55,2444,627.62,626.62,0,0,15
1334288,2,55,2444,626.62,626.62,0,0,41
1346490,3,55,2444,627.62,627.62,0,0,27
1031717,4,55,2444,626.62,626.62,0,0,42
1204629,5,55,2444,486.03,628.62,1,0,134
1262771,6,55,2444,484.03,627.62,0,0,69
1339790,7,55,2444,669.33,668.33,0,0,42
1089871,9,55,2444,435.53,669.33,1,0,121
1284981,10,55,2444,436.53,670.33,1,0,283
1398471,11,55,2444,436.53,668.33,0,0,82
1499292,12,55,2444,620.86,620.86,0,0,26
1443033,13,55,2444,618.86,619.86,0,0,40
1275848,14,55,2444,620.86,618.86,0,0,27
1144772,15,55,2444,619.86,619.86,0,0,26
1495699,17,55,2444,619.86,618.86,0,0,28
1355464,18,55,2444,620.86,618.86,0,0,28
1315111,21,55,2444,618.86,620.86,0,0,14
1288311,22,55,2444,618.86,619.86,0,0,55
1021951,23,55,2444,620.86,620.86,0,0,53
1451462,24,55,2444,620.86,619.86,0,0,26
1130083,25,55,2444,533.53,618.86,0,0,13
1077156,27,55,2444,534.53,618.86,0,0,55
1280031,28,55,2444,533.53,618.86,0,0,53
1298660,29,55,2444,618.86,618.86,0,0,26
1138051,30,55,2444,620.86,620.86,0,0,42
1443595,32,55,2444,619.86,618.86,0,0,14
1321448,34,55,2444,485.03,620.86,0,1,42
1263033,35,55,2444,670.33,669.33,0,0,53
1380282,36,55,2444,670.33,669.33,0,0,54
1215856,37,55,2444,668.33,668.33,0,0,15
1250007,40,55,2444,486.03,668.33,1,1,162
1463714,41,55,2444,486.03,670.33,1,0,203
1213864,42,55,2444,619.86,618.86,0,0,40
1255630,43,55,2444,619.86,620.86,0,0,13
1287387,44,55,2444,619.86,619.86,0,0,96
1410553,45,55,2444,620.86,618.86,0,0,26
1399599,46,55,2444,620.86,619.86,0,0,13
1158280,47,55,2444,618.86,619.86,0,0,28
1484224,48,55,2444,620.86,619.86,0,0,26
1139651,49,55,2444,619.86,619.86,0,0,69
1357207,50,55,2444,620.86,618.86,0,0,28
1488058,52,55,2444,387.03,618.86,1,1,242
1089534,53,55,2444,389.03,620.86,1,0,136
1072861,54,55,2444,619.86,619.86,0,0,13
1022657,55,55,2444,619.86,619.86,0,0,14
1490555,57,55,2444,609.19,609.19,0,0,14
1365965,58,55,2444,608.19,609.19,0,0,68
1400839,60,55,2444,485.03,609.19,1,0,136
1042838,61,55,2444,608.19,608.19,0,0,13
1389068,63,55,2444,608.19,610.19,0,0,26
1391227,65,55,2444,506.4,609.19,1,1,122
1207740,66,55,2444,608.19,609.19,0,0,55
1258907,67,55,2444,608.19,608.19,0,0,54
1314885,68,55,2444,609.19,610.19,0,0,14
1436029,69,55,2444,485.03,609.19,1,1,337
1119410,70,55,2444,486.03,610.19,0,1,162
1266343,71,55,2444,611.13,611.13,0,0,14
1151143,73,55,2444,611.13,610.13,0,0,26
1226877,74,55,2444,611.13,610.13,0,0,54
1323005,75,55,2444,610.13,610.13,0,0,13
1190812,76,55,2444,612.13,611.13,0,0,15
1141717,77,55,2444,561.63,562.63,0,0,26
1036727,78,55,2444,563.63,562.63,0,0,28
1494274,79,55,2444,561.63,563.63,0,0,40
1307352,80,55,2444,562.63,562.63,0,0,26
1343667,81,55,2444,668.33,669.33,0,0,15
1191258,82,55,2444,669.33,669.33,0,0,13
1384326,83,55,2444,670.33,668.33,0,0,27
1182790,86,55,2444,670.33,668.33,0,0,14
1020165,87,55,2444,669.33,669.33,0,0,14
1082614,88,55,2444,670.33,669.33,0,0,42
1299311,90,55,2444,436.53,669.33,1,0,41
1231133,91,55,2444,436.53,670.33,1,0,26
1100207,92,55,2444,668.33,668.33,0,0,28
1408823,93,55,2444,669.33,670.33,0,0,26
1051813,94,55,2444,435.56,669.33,1,1,80
1358353,95,55,2444,434.56,668.33,1,1,95
1264970,96,55,2444,669.33,669.33,0,0,27
1302874,97,55,2444,669.33,669.33,0,0,40
1149356,98,55,2444,668.33,669.33,0,0,13
1059200,99,55,2444,669.33,669.33,0,0,28
1403855,100,55,2444,436.53,670.33,0,0,148
1271689,101,55,2444,437.53,669.33,1,0,204
1332412,102,55,2444,669.33,670.33,0,0,15
1187712,105,55,2444,668.33,669.33,0,0,14
1387244,106,55,2444,456.93,668.33,0,1,175
1217503,107,55,2444,456.93,669.33,1,1,14
1050422,108,55,2444,669.33,669.33,0,0,80
1277071,109,55,2444,670.33,668.33,0,0,26
1471591,110,55,2444,670.33,669.33,0,0,26
1095312,112,55,2444,668.33,669.33,0,0,28
1242412,113,55,2444,670.33,670.33,0,0,96
1379659,114,55,2444,687.73,687.73,0,0,28
1141735,117,55,2444,687.73,688.73,0,0,28
1285470,118,55,2444,689.73,689.73,0,0,14
1314954,119,55,2444,689.73,687.73,0,0,15
1400140,122,55,2444,483.09,687.73,1,0,296
1184495,123,55,2444,464.66,689.73,1,0,94
1405986,125,55,2444,689.73,688.73,0,0,15
1410910,126,55,2444,687.73,688.73,0,0,13
1493731,127,55,2444,689.73,689.73,0,0,15
1156593,129,55,2444,717.83,717.83,0,0,15
1449722,130,55,2444,726.53,727.53,0,0,27
1100218,131,55,2444,726.53,728.53,0,0,26
1396864,132,55,2444,726.53,727.53,0,0,15
1255311,133,55,2444,484.03,726.53,1,0,68
1227330,134,55,2444,486.03,727.53,1,0,42
1281358,135,55,2444,606.28,727.53,0,0,27
1402285,136,55,2444,726.53,728.53,0,0,108
1189093,137,55,2444,728.53,728.53,0,0,27
1038805,139,55,2444,728.53,727.53,0,0,26
1385051,143,55,2444,486.03,728.53,0,0,81
1332120,144,55,2444,484.03,728.53,1,0,95
1253393,145,55,2444,727.53,727.53,0,0,26
1012819,1,55,2867,628.62,626.62,0,0,13
1097840,2,55,2867,628.62,628.62,0,0,13
1169244,4,55,2867,628.62,627.62,0,0,28
1006850,10,55,2867,436.53,627.62,1,0,40
1256724,11,55,2867,436.53,626.62,0,0,68
1160773,12,55,2867,620.86,620.86,0,0,26
1206047,13,55,2867,620.86,619.86,0,0,26
1357963,14,55,2867,619.86,618.86,0,0,42
1003073,15,55,2867,620.86,618.86,0,0,14
1238664,17,55,2867,618.86,619.86,0,0,26
1253070,18,55,2867,618.86,619.86,0,0,15
1474402,19,55,2867,620.86,619.86,0,0,28
1058620,20,55,2867,618.86,620.86,0,0,13
1313644,21,55,2867,618.86,618.86,0,0,15
1447815,22,55,2867,620.86,620.86,0,0,13
1157592,24,55,2867,618.86,619.86,0,0,27
1166573,25,55,2867,533.53,620.86,0,0,27
1010176,26,55,2867,532.53,619.86,0,0,42
1202991,27,55,2867,532.53,618.86,0,0,82
1046793,28,55,2867,533.53,619.86,0,0,14
1168108,29,55,2867,618.86,619.86,0,0,14
1076311,30,55,2867,620.86,619.86,0,0,28
1421512,32,55,2867,620.86,618.86,0,0,28
1047282,33,55,2867,529.65,620.86,1,0,28
1341154,34,55,2867,484.03,619.86,0,0,42
1115455,35,55,2867,668.33,668.33,0,0,15
1198170,36,55,2867,669.33,668.33,0,0,27
1380275,38,55,2867,669.33,669.33,0,0,42
1026350,39,55,2867,620.86,618.86,0,0,55
1175656,40,55,2867,484.03,619.86,1,1,148
1054692,41,55,2867,485.03,620.86,1,1,107
1210606,42,55,2867,618.86,619.86,0,0,55
1059451,43,55,2867,619.86,620.86,0,0,15
1256650,44,55,2867,619.86,619.86,0,0,53
1363414,45,55,2867,620.86,618.86,0,0,28
1327003,46,55,2867,620.86,619.86,0,0,55
1210058,47,55,2867,620.86,618.86,0,0,27
1403391,48,55,2867,620.86,618.86,0,0,27
1191643,49,55,2867,646.08,644.08,0,0,27
1133640,51,55,2867,618.86,618.86,0,0,15
1464777,52,55,2867,388.03,620.86,1,1,217
1230455,53,55,2867,388.03,618.86,1,1,150
1432949,54,55,2867,618.86,618.86,0,0,15
1011075,55,55,2867,618.86,619.86,0,0,28
1085741,56,55,2867,619.86,619.86,0,0,26
1113632,57,55,2867,609.19,609.19,0,0,14
1378702,58,55,2867,608.19,610.19,0,0,27
1432725,59,55,2867,608.19,609.19,0,0,27
1091525,60,55,2867,486.03,610.19,1,0,40
1057419,61,55,2867,610.19,609.19,0,0,54
1244286,63,55,2867,610.19,608.19,0,0,55
1275030,65,55,2867,486.03,609.19,1,0,26
1067016,66,55,2867,610.19,608.19,0,0,81
1342764,67,55,2867,623.71,624.71,0,0,53
1326336,68,55,2867,608.19,610.19,0,0,95
1159104,69,55,2867,484.03,610.19,1,0,150
1497301,70,55,2867,485.03,609.19,0,0,176
1087586,71,55,2867,585.91,586.91,0,0,68
1058120,72,55,2867,612.13,612.13,0,0,28
1412873,73,55,2867,610.13,610.13,0,0,54
1146407,74,55,2867,611.13,611.13,0,0,41
1420538,75,55,2867,610.13,612.13,0,0,14
1493497,76,55,2867,610.13,611.13,0,0,40
1024115,78,55,2867,563.63,563.63,0,0,55
1398911,79,55,2867,561.63,561.63,0,0,13
1439439,80,55,2867,561.63,562.63,0,0,42
1154650,82,55,2867,668.33,670.33,0,0,41
1290919,83,55,2867,668.33,670.33,0,0,55
1004721,85,55,2867,670.33,670.33,0,0,40
1365405,87,55,2867,670.33,668.33,0,0,26
1217598,88,55,2867,670.33,669.33,0,0,15
1184302,89,55,2867,668.33,670.33,0,0,15
1306728,90,55,2867,435.53,670.33,1,0,67
1149596,91,55,2867,437.53,670.33,1,0,14
1228530,92,55,2867,668.33,669.33,0,0,26
1335356,94,55,2867,434.56,670.33,1,1,81
1277072,95,55,2867,434.56,668.33,1,1,42
1340208,96,55,2867,668.33,668.33,0,0,28
1000263,97,55,2867,670.33,669.33,0,0,40
1328132,98,55,2867,668.33,670.33,0,0,27
1483669,99,55,2867,668.33,668.33,0,0,27
1441310,100,55,2867,437.53,668.33,0,0,108
1141690,101,55,2867,435.53,669.33,1,0,42
1396564,102,55,2867,668.33,669.33,0,0,40
1039925,103,55,2867,669.33,668.33,0,0,14
1293130,104,55,2867,670.33,669.33,0,0,14
1366146,105,55,2867,670.33,668.33,0,0,41
1427128,106,55,2867,454.93,669.33,0,0,69
1443962,108,55,2867,669.33,669.33,0,0,13
1177299,109,55,2867,669.33,669.33,0,0,15
1404355,110,55,2867,669.33,668.33,0,0,14
1332714,115,55,2867,689.73,687.73,0,0,42
1068657,116,55,2867,687.73,688.73,0,0,28
1366162,117,55,2867,687.73,689.73,0,0,28
1466937,118,55,2867,687.73,689.73,0,0,28
1431327,119,55,2867,687.73,689.73,0,0,15
1182989,121,55,2867,687.73,687.73,0,0,27
1325009,122,55,2867,475.33,688.73,1,1,202
1286770,123,55,2867,485.03,687.73,1,0,121
1420031,124,55,2867,689.73,688.73,0,0,53
1258702,126,55,2867,688.73,689.73,0,0,15
1411174,128,55,2867,689.73,689.73,0,0,26
1147458,131,55,2867,728.53,726.53,0,0,15
1438162,133,55,2867,484.03,726.53,1,0,108
1198364,134,55,2867,484.03,727.53,1,0,54
1218245,140,55,2867,727.53,727.53,0,0,15
1120672,141,55,2867,727.53,728.53,0,0,40
1005622,142,55,2867,726.53,727.53,0,0,15
1137646,143,55,2867,485.03,727.53,0,0,95
1290737,144,55,2867,486.03,726.53,1,0,109
1118101,145,55,2867,727.53,727.53,0,0,15
1038567,1,55,1525,243.5,282.33,0,0,15
1314015,2,55,1525,244.5,280.33,0,0,14
1029834,4,55,1525,244.5,282.33,0,0,54
1447251,5,55,1525,290.03,291.03,0,0,28
1211862,6,55,1525,292.03,291.03,0,0,40
1431015,7,55,1525,291.03,290.03,0,0,40
1401047,8,55,1525,292.03,291.03,0,0,27
1310644,9,55,1525,292.03,292.03,0,0,69
1411165,10,55,1525,241.53,290.03,0,0,55
1172251,11,55,1525,243.53,291.03,0,0,14
1458073,14,55,1525,292.03,290.03,0,0,41
1240666,15,55,1525,292.03,291.03,0,0,27
1211172,17,55,1525,291.03,290.03,0,0,13
1365287,18,55,1525,290.03,292.03,0,0,15
1048575,19,55,1525,291.03,292.03,0,0,14
1013888,20,55,1525,292.03,292.03,0,0,27
1192315,21,55,1525,292.03,290.03,0,0,28
1360966,22,55,1525,243.5,292.03,0,0,54
1415073,23,55,1525,244.5,290.03,0,0,13
1383960,24,55,1525,244.5,292.03,0,0,54
1146274,25,55,1525,291.03,291.03,0,0,14
1001937,27,55,1525,291.03,291.03,0,0,13
1269958,29,55,1525,262.93,292.03,0,0,14
1190195,30,55,1525,262.93,290.03,0,0,14
1103336,31,55,1525,290.03,290.03,0,0,14
1101277,32,55,1525,291.03,292.03,0,0,26
1462145,33,55,1525,290.03,290.03,0,0,27
1371301,36,55,1525,243.53,290.03,0,0,27
1496840,38,55,1525,243.53,291.03,0,0,40
1067406,39,55,1525,291.03,292.03,0,0,13
1292598,40,55,1525,292.03,290.03,0,0,15
1257884,42,55,1525,292.03,291.03,0,0,27
1118533,43,55,1525,264.87,263.87,0,0,14
1266708,44,55,1525,264.87,263.87,0,0,13
1074456,52,55,1525,292.03,292.03,0,0,28
1403949,53,55,1525,292.03,290.03,0,0,13
1193990,54,55,1525,291.03,292.03,0,0,54
1293920,55,55,1525,290.03,290.03,0,0,14
1425422,56,55,1525,242.53,290.03,0,0,41
1396747,57,55,1525,242.53,292.03,0,0,55
1142129,58,55,1525,243.53,290.03,0,0,67
1257226,59,55,1525,292.03,290.03,0,0,80
1195039,60,55,1525,292.03,291.03,0,0,68
1093021,61,55,1525,291.03,292.03,0,0,69
1016833,63,55,1525,241.53,290.03,0,0,68
1139343,64,55,1525,243.53,292.03,0,0,67
1078623,65,55,1525,242.53,291.03,0,0,55
1123867,66,55,1525,290.03,292.03,0,0,55
1246411,67,55,1525,292.03,292.03,0,0,15
1080004,68,55,1525,290.03,291.03,0,0,54
1299745,69,55,1525,290.03,291.03,0,0,26
1145436,70,55,1525,292.03,292.03,0,0,27
1170365,71,55,1525,290.03,291.03,0,0,41
1154126,72,55,1525,290.03,290.03,0,0,40
1240575,73,55,1525,244.5,292.03,0,0,41
1177874,74,55,1525,243.5,290.03,0,0,41
1311522,75,55,1525,243.5,292.03,0,0,53
1295262,76,55,1525,244.5,291.03,0,0,41
1015580,77,55,1525,292.03,290.03,0,0,14
1498198,78,55,1525,291.03,290.03,0,0,26
1062820,79,55,1525,290.03,292.03,0,0,14
1287029,80,55,1525,242.53,290.03,0,0,69
1061358,81,55,1525,243.53,291.03,0,0,82
1370552,82,55,1525,243.53,292.03,0,0,55
1236348,83,55,1525,290.03,292.03,0,0,15
1486426,84,55,1525,291.03,290.03,0,0,41
1286829,85,55,1525,244.5,292.03,0,0,81
1012098,86,55,1525,243.5,290.03,0,0,41
1004563,87,55,1525,249.29,291.03,0,0,95
1013381,88,55,1525,244.5,291.03,0,0,28
1277792,89,55,1525,292.03,292.03,0,0,14
1407981,90,55,1525,291.03,291.03,0,0,27
1375260,91,55,1525,291.03,291.03,0,0,41
1064234,92,55,1525,292.03,290.03,0,0,53
1108284,93,55,1525,290.03,292.03,0,0,42
1411879,94,55,1525,290.03,291.03,0,0,28
1128010,95,55,1525,291.03,290.03,0,0,26
1443067,96,55,1525,242.53,292.03,0,0,14
1105143,97,55,1525,242.53,290.03,0,0,28
1266987,98,55,1525,242.53,292.03,0,0,14
1175754,100,55,1525,290.03,291.03,0,0,15
1162395,101,55,1525,292.03,291.03,0,0,14
1024987,102,55,1525,291.03,290.03,0,0,14
1339170,103,55,1525,291.03,291.03,0,0,14
1447863,104,55,1525,242.5,290.03,0,0,14
1455659,105,55,1525,290.03,290.03,0,0,14
1227493,106,55,1525,243.5,290.03,0,0,53
1298028,107,55,1525,243.5,292.03,0,0,42
1480543,108,55,1525,261.93,290.03,0,0,14
1027002,115,55,1525,290.03,292.03,0,0,27
1235268,116,55,1525,292.03,291.03,0,0,68
1139468,117,55,1525,290.03,292.03,0,0,28
1384300,118,55,1525,292.03,292.03,0,0,82
1004445,119,55,1525,292.03,290.03,0,0,13
1133205,120,55,1525,290.03,290.03,0,0,26
1484187,121,55,1525,242.53,292.03,0,0,42
1218734,122,55,1525,241.53,290.03,0,0,13
1298976,125,55,1525,319.13,320.13,0,0,15
1145577,126,55,1525,319.13,320.13,0,0,41
1111611,127,55,1525,321.13,320.13,0,0,26
1453198,128,55,1525,321.13,321.13,0,0,41
1437304,129,55,1525,320.13,321.13,0,0,28
1105557,130,55,1525,320.13,320.13,0,0,14
1397237,131,55,1525,270.63,319.13,0,0,41
1209370,132,55,1525,272.63,319.13,0,0,42
1230956,133,55,1525,246.38,319.13,0,0,27
1120480,134,55,1525,319.13,321.13,0,0,41
1450972,135,55,1525,320.13,321.13,0,0,28
1203595,136,55,1525,321.13,321.13,0,0,13
1325272,1,55,2704,243.5,282.33,0,0,13
1048756,2,55,2704,243.5,282.33,0,0,28
1021012,3,55,2704,242.5,281.33,0,0,53
1167157,4,55,2704,243.5,281.33,0,0,69
1148116,13,55,2704,292.03,291.03,0,0,28
1197605,15,55,2704,292.03,292.03,0,0,27
1005638,16,55,2704,291.03,292.03,0,0,15
1384217,18,55,2704,290.03,290.03,0,0,13
1272112,19,55,2704,290.03,290.03,0,0,42
1307472,21,55,2704,291.03,291.03,0,0,14
1139681,22,55,2704,243.5,290.03,0,0,28
1210153,23,55,2704,244.5,291.03,0,0,69
1186139,27,55,2704,290.03,291.03,0,0,26
1468006,28,55,2704,261.93,290.03,0,0,28
1126993,29,55,2704,260.93,290.03,0,0,15
1405805,31,55,2704,292.03,292.03,0,0,28
1003648,32,55,2704,290.03,292.03,0,0,13
1297281,35,55,2704,242.53,292.03,0,0,27
1354173,48,55,2704,292.03,291.03,0,0,41
1495950,49,55,2704,291.03,291.03,0,0,13
1469830,50,55,2704,291.03,291.03,0,0,42
1065629,51,55,2704,291.03,292.03,0,0,69
1195220,54,55,2704,290.03,292.03,0,0,54
1113725,56,55,2704,243.53,291.03,0,0,26
1407055,57,55,2704,241.53,291.03,0,0,54
1477121,58,55,2704,242.53,291.03,0,0,14
1055836,59,55,2704,290.03,292.03,0,0,67
1330118,61,55,2704,290.03,291.03,0,0,13
1308553,62,55,2704,292.03,290.03,0,0,26
1163828,63,55,2704,243.53,292.03,0,0,14
1282730,64,55,2704,236.71,290.03,0,0,55
1426002,65,55,2704,241.53,292.03,0,0,40
1029124,67,55,2704,292.03,290.03,0,0,27
1436618,68,55,2704,291.03,290.03,0,0,14
1394945,70,55,2704,292.03,290.03,0,0,42
1248902,71,55,2704,292.03,292.03,0,0,13
1105976,73,55,2704,243.5,290.03,0,0,28
1212817,74,55,2704,244.5,291.03,0,0,13
1020896,75,55,2704,242.5,290.03,0,0,42
1167186,76,55,2704,242.5,290.03,0,0,40
1358411,78,55,2704,291.03,291.03,0,0,26
1318786,79,55,2704,291.03,290.03,0,0,26
1117473,80,55,2704,243.53,291.03,0,0,42
1322477,81,55,2704,243.53,292.03,0,0,55
1392590,82,55,2704,243.53,292.03,0,0,41
1140481,83,55,2704,290.03,290.03,0,0,41
1356007,85,55,2704,242.5,292.03,0,0,27
1333819,87,55,2704,243.5,292.03,0,0,69
1082453,91,55,2704,292.03,290.03,0,0,15
1008881,94,55,2704,291.03,292.03,0,0,15
1336137,95,55,2704,290.03,291.03,0,0,14
1464419,96,55,2704,242.53,292.03,0,0,14
1412682,98,55,2704,242.53,290.03,0,0,26
1233319,99,55,2704,290.03,292.03,0,0,53
1182161,101,55,2704,292.03,292.03,0,0,42
1166884,102,55,2704,290.03,292.03,0,0,14
1055066,103,55,2704,292.03,290.03,0,0,15
1134712,104,55,2704,242.5,290.03,0,0,28
1359445,105,55,2704,244.5,291.03,0,0,40
1275682,106,55,2704,243.5,290.03,0,0,42
1072513,107,55,2704,242.5,291.03,0,0,40
1322218,108,55,2704,261.93,291.03,0,0,14
1456410,109,55,2704,261.93,291.03,0,0,15
1460000,110,55,2704,241.53,243.53,0,0,41
1033764,111,55,2704,241.53,242.53,0,0,15
1299884,112,55,2704,241.53,242.53,0,0,13
1213470,113,55,2704,243.53,241.53,0,0,40
1352117,114,55,2704,243.53,243.53,0,0,54
1264514,117,55,2704,291.03,291.03,0,0,13
1261501,118,55,2704,291.03,291.03,0,0,26
1353972,119,55,2704,290.03,292.03,0,0,40
1173776,120,55,2704,292.03,291.03,0,0,14
1081226,121,55,2704,243.53,292.03,0,0,55
1240646,122,55,2704,219.28,292.03,0,0,53
1137662,123,55,2704,242.53,292.03,0,0,55
1124982,126,55,2704,319.13,320.13,0,0,42
1182748,127,55,2704,319.13,319.13,0,0,28
1076453,130,55,2704,321.13,319.13,0,0,40
1344628,131,55,2704,280.33,321.13,0,0,68
1260679,132,55,2704,296.88,294.88,0,0,27
1081279,133,55,2704,247.38,294.88,0,0,28
1131815,134,55,2704,319.13,319.13,0,0,28
1289036,135,55,2704,319.13,319.13,0,0,27
1046236,136,55,2704,321.13,319.13,0,0,27
1330759,137,55,2704,228.92,321.13,0,0,41
1184156,138,55,2704,261.93,320.13,0,0,40
1332914,140,55,2704,319.13,321.13,0,0,14
1075311,141,55,2704,320.13,321.13,0,0,13
1268153,142,55,2704,321.13,321.13,0,0,28
1023741,143,55,2704,319.13,321.13,0,0,13
1285888,144,55,2704,319.13,321.13,0,0,53
1315086,145,55,2704,319.13,319.13,0,0,42
